clrbasbuf = $92dc/$c2dc ;sub:l-floatfloat1 = 53168/40880 ;var:l-floatfloat2 = 53148/40860 ;var:l-floatfltv = 53200/40912 ;var:l-floatfsngf1 = $bc2b/$bc2b ;sub:l-floatfvar1 = 53194/40906 ;var:l-floatfvar2 = 53188/40900 ;var:l-floatgetfac1 = $92ef/$c2ef ;sub:l-floatprnfac1 = $9306/$c306 ;sub:l-floatprnfac2 = $9313/$c313 ;sub:l-floattval1 = 53147/40859 ;var:l-floattval2 = 53145/40857 ;var:l-floatvclrbasbuf = $9982/$c982 ;vec:sub:l-floatvgetfac1 = $99bb/$c9bb ;vec:sub:l-floatvprnfac1 = $99e2/$c9e2 ;vec:sub:l-floatvprnfac2 = $99e5/$c9e5 ;vec:sub:l-float