anykey = $9330/$c330 ;sub:l-keybclef = 53131/40843 ;var:l-keybclrkbbuf = $931a/$c31a ;sub:l-keybcurx = 53133/40845 ;var:l-keybcury = 53132/40844 ;var:l-keybekeyb = 53134/40846 ;var:l-keybgetkey = $934f/$c34f ;sub:l-keybkbfree = $9344/$c344 ;sub:l-keybshowkey = $9375/$c375 ;sub:l-keybvanykey = $9970/$c970 ;vec:sub:l-keybvclrkbbuf = $9985/$c985 ;vec:sub:l-keybvgetkey = $99be/$c9be ;vec:sub:l-keybvkbfree = $99d0/$c9d0 ;vec:sub:l-keybvshowkey = $9a2a/$ca2a ;vec:sub:l-keybvwaitkey = $9a36/$ca36 ;vec:sub:l-keybvwaitspace = $9a39/$ca39 ;vec:sub:l-keybvwaitstop = $9a3c/$ca3c ;vec:sub:l-keybwaitkey = $9359/$c359 ;sub:l-keybwaitspace = $936c/$c36c ;sub:l-keybwaitstop = $9323/$c323 ;sub:l-keyb