curcol = 53240/40952 ;var:l-pushpc = 53241/40953 ;var:l-pushpopall = $9513/$c513 ;sub:l-pushpopregs = $9579/$c579 ;sub:l-pushpushall = $94da/$c4da ;sub:l-pushpushregs = $954c/$c54c ;sub:l-pushra = 53246/40958 ;var:l-pushrp = 53247/40959 ;var:l-pushrs = 53243/40955 ;var:l-pushrx = 53245/40957 ;var:l-pushry = 53244/40956 ;var:l-pushvpopall = $99dc/$c9dc ;vec:sub:l-pushvpopregs = $99df/$c9df ;vec:sub:l-pushvpushall = $99eb/$c9eb ;vec:sub:l-pushvpushregs = $99ee/$c9ee ;vec:sub:l-push